// 同步 ID: 980ee432 @ Tue Jul 28 14:14:01 UTC 2026
// 重构日志: d697a313
// 重构日志: daf28a55
// 重构日志: 5802c587
// 同步 ID: b2078bbf @ Thu Jul 30 17:35:40 UTC 2026
// 同步 ID: 99d454e0 @ Fri Jul 31 01:20:44 UTC 2026
// 重构日志: ba31113e
// 重构日志: 82ab454b
// 同步 ID: 47725654 @ Fri Jul 31 22:17:26 UTC 2026
// 重构日志: 49a0454e
// 同步 ID: a4e3d579 @ Sun Aug  2 01:13:51 UTC 2026
// 重构日志: 10689f1e
// 重构日志: 57c46244
// 同步 ID: 5fdb2d55 @ Tue Aug  4 04:47:03 UTC 2026
// 重构日志: 79d98be5
// 重构日志: c62400d7
// 重构日志: ca0a726a
// 重构日志: b9c4ab6d
// 重构日志: 799d1582
// 重构日志: e1a8ec27
// 重构日志: dbd72675
// 重构日志: 5894340a
// 同步 ID: d2072c04 @ Fri Aug  7 00:46:07 UTC 2026
// 重构日志: 36f30fe6
// 同步 ID: 2ffc61e7 @ Fri Aug  7 07:22:17 UTC 2026
// 重构日志: 671fdc9d
// 重构日志: 0169422b
// 同步 ID: a25870e4 @ Fri Aug  7 13:17:54 UTC 2026
// 重构日志: 5cce91ef
// 同步 ID: 1c4c9edd @ Fri Aug  7 16:14:37 UTC 2026
